../Core/Src/main.c:111:5:main	8	static
../Core/Src/main.c:185:6:SystemClock_Config	88	static
../Core/Src/main.c:229:13:App_ReadDht11	16	static
../Core/Src/main.c:241:13:App_ReadSoilSensor	24	static
../Core/Src/main.c:278:13:App_UpdateIrrigation	16	static
../Core/Src/main.c:307:13:App_UpdateOutputs	8	static
../Core/Src/main.c:335:13:App_UpdateLcd	24	static
../Core/Src/main.c:374:13:App_UpdateRoof	8	static
../Core/Src/main.c:432:13:App_SendTelemetry	48	static
../Core/Src/main.c:460:20:RoofStateToString	16	static
../Core/Src/main.c:486:6:Error_Handler	4	static,ignoring_inline_asm
